HI-TECH Software 8051-C Compiler V9.60

Linker command line:

--edf=C:\PROGRA~2\HI-TEC~1\HC51\9.60\dat\en_msgs.txt \
  -h+G:\÷»‘–Œ¬~1\3œ–¿ “~1\3PRAKT~2\project1\project1.sym -z -Q8051AH \
  -ol.obj -MG:\÷»‘–Œ¬~1\3œ–¿ “~1\3PRAKT~2\project1\project1.map -E1 \
  -ver=8051-C#V9.60 -ACODE=00h-0FFFh -pvectors=00h \
  -prbit=0/20h,rbss,rdata/CODE,irdata/CODE,idata/rbss -pbss=XDATA/idata \
  -pdata=CODE+100h -pconst=CODE+100h -pstrings=CODE+100h -pnvram=bss,heap \
  C:\Users\User\AppData\Local\Temp\s2vs.obj \
  G:\÷»‘–Œ¬~1\3œ–¿ “~1\3PRAKT~2\project1\main_0.obj \
  C:\PROGRA~2\HI-TEC~1\HC51\9.60\lib\51--nsc.lib 

Object code version is 3.8

Machine type is 8051AH

Call graph:

*start1 size 0,0 offset 0
*    _main size 0,8 offset 0

		Name          Link     Load   Length Selector Space Scale
C:\Users\User\AppData\Local\Temp\s2vs.obj
		vectors          0        0        3       0     0
		text            76       76       14       0     0
G:\÷»‘–Œ¬~1\3œ–¿ “~1\3PRAKT~2\project1\main_0.obj
		strings        100      100        6     100     0
		text           106      106      131     100     0

C:\PROGRA~2\HI-TEC~1\HC51\9.60\lib\51--nsc.lib
ldc_byte.obj    text             3        3       73       0     0
powerup.obj     text            8A       8A        3       0     0

COMMON          rbss            20       20        8      20     1

TOTAL		Name          Link     Load   Length
	CLASS	CODE     
		vectors          0        0        3
		text            76       76       14
		strings        100      100        6
		text           106      106      131
		text             3        3       73
		text            8A       8A        3

	CLASS	DATA     
		rbss            20       20        8

	CLASS	XDATA    

	CLASS	BITSEG   



SEGMENTS	Name		Load	Length	 Top	Selector    Space Class

		vectors         000000	00008D	00008D	       0       0  CODE    
		rbit            000020	000008	000028	      20       1  BITSEG  
		data            000100	000137	000237	     100       0  CODE    


UNUSED ADDRESS RANGES

	CODE             08D-0FF
	                 237-FFF

                                  Symbol Table

?a_main        rbss    020  __Bbss         bss     028
__Bidata       idata   028  __Birdata      irdata  003
__Brbit        rbit    020  __Brdata       rdata   003
__Hbss         bss     028  __Hcode        code    028
__Hconst       const   100  __Hdata        data    100
__Hheap        heap    028  __Hidata       idata   028
__Hirdata      irdata  028  __Hnvram       nvram   028
__Hrbit        rbit    000  __Hrbss        rbss    028
__Hrdata       rdata   028  __Hstrings     strings 106
__Htext        text    028  __Hvectors     vectors 003
__Lbss         bss     028  __Lcode        code    028
__Lconst       const   100  __Ldata        data    100
__Lheap        heap    028  __Lidata       idata   028
__Lirdata      irdata  028  __Lnvram       nvram   028
__Lrbit        rbit    000  __Lrbss        rbss    020
__Lrdata       rdata   028  __Lstrings     strings 100
__Ltext        text    028  __Lvectors     vectors 000
__S0           (abs)   237  _exit          text    087
_main          text    106  intlevel0      (abs)   000
intlevel1      (abs)   000  ldb_r0         text    012
ldb_r1         text    01F  ldb_r2         text    02C
ldb_r3         text    039  ldb_r4         text    046
ldb_r5         text    053  ldb_r6         text    060
ldb_r7         text    06D  ldc_byte       text    003
ldc_r0         text    00E  ldc_r1         text    01B
ldc_r2         text    028  ldc_r3         text    035
ldc_r4         text    042  ldc_r5         text    04F
ldc_r6         text    05C  ldc_r7         text    069
powerup        text    08A  small_model    (abs)   001
stack_internal (abs)   001  start          vectors 000
start1         text    076  
